###############################################################################
#
# IAR ELF Linker V8.50.4.261/W32 for ARM                  25/Jun/2020  17:01:54
# Copyright 2007-2020 IAR Systems AB.
#
#    Output file  =  D:\pknuBSJ\ARM\0625_TEST\EWARM\0625_TEST\Exe\0625_TEST.out
#    Map file     =
#        D:\pknuBSJ\ARM\0625_TEST\EWARM\0625_TEST\List\0625_TEST.map
#    Command line =
#        -f C:\Users\PKNU\AppData\Local\Temp\EW51A8.tmp
#        (D:\pknuBSJ\ARM\0625_TEST\EWARM\0625_TEST\Obj\adc.o
#        D:\pknuBSJ\ARM\0625_TEST\EWARM\0625_TEST\Obj\dma.o
#        D:\pknuBSJ\ARM\0625_TEST\EWARM\0625_TEST\Obj\gpio.o
#        D:\pknuBSJ\ARM\0625_TEST\EWARM\0625_TEST\Obj\i2c.o
#        D:\pknuBSJ\ARM\0625_TEST\EWARM\0625_TEST\Obj\lcd.o
#        D:\pknuBSJ\ARM\0625_TEST\EWARM\0625_TEST\Obj\main.o
#        D:\pknuBSJ\ARM\0625_TEST\EWARM\0625_TEST\Obj\startup_stm32f405xx.o
#        D:\pknuBSJ\ARM\0625_TEST\EWARM\0625_TEST\Obj\stm32f4xx_hal.o
#        D:\pknuBSJ\ARM\0625_TEST\EWARM\0625_TEST\Obj\stm32f4xx_hal_adc.o
#        D:\pknuBSJ\ARM\0625_TEST\EWARM\0625_TEST\Obj\stm32f4xx_hal_adc_ex.o
#        D:\pknuBSJ\ARM\0625_TEST\EWARM\0625_TEST\Obj\stm32f4xx_hal_cortex.o
#        D:\pknuBSJ\ARM\0625_TEST\EWARM\0625_TEST\Obj\stm32f4xx_hal_dma.o
#        D:\pknuBSJ\ARM\0625_TEST\EWARM\0625_TEST\Obj\stm32f4xx_hal_dma_ex.o
#        D:\pknuBSJ\ARM\0625_TEST\EWARM\0625_TEST\Obj\stm32f4xx_hal_exti.o
#        D:\pknuBSJ\ARM\0625_TEST\EWARM\0625_TEST\Obj\stm32f4xx_hal_flash.o
#        D:\pknuBSJ\ARM\0625_TEST\EWARM\0625_TEST\Obj\stm32f4xx_hal_flash_ex.o
#        D:\pknuBSJ\ARM\0625_TEST\EWARM\0625_TEST\Obj\stm32f4xx_hal_flash_ramfunc.o
#        D:\pknuBSJ\ARM\0625_TEST\EWARM\0625_TEST\Obj\stm32f4xx_hal_gpio.o
#        D:\pknuBSJ\ARM\0625_TEST\EWARM\0625_TEST\Obj\stm32f4xx_hal_i2c.o
#        D:\pknuBSJ\ARM\0625_TEST\EWARM\0625_TEST\Obj\stm32f4xx_hal_i2c_ex.o
#        D:\pknuBSJ\ARM\0625_TEST\EWARM\0625_TEST\Obj\stm32f4xx_hal_msp.o
#        D:\pknuBSJ\ARM\0625_TEST\EWARM\0625_TEST\Obj\stm32f4xx_hal_pwr.o
#        D:\pknuBSJ\ARM\0625_TEST\EWARM\0625_TEST\Obj\stm32f4xx_hal_pwr_ex.o
#        D:\pknuBSJ\ARM\0625_TEST\EWARM\0625_TEST\Obj\stm32f4xx_hal_rcc.o
#        D:\pknuBSJ\ARM\0625_TEST\EWARM\0625_TEST\Obj\stm32f4xx_hal_rcc_ex.o
#        D:\pknuBSJ\ARM\0625_TEST\EWARM\0625_TEST\Obj\stm32f4xx_hal_tim.o
#        D:\pknuBSJ\ARM\0625_TEST\EWARM\0625_TEST\Obj\stm32f4xx_hal_tim_ex.o
#        D:\pknuBSJ\ARM\0625_TEST\EWARM\0625_TEST\Obj\stm32f4xx_hal_uart.o
#        D:\pknuBSJ\ARM\0625_TEST\EWARM\0625_TEST\Obj\stm32f4xx_it.o
#        D:\pknuBSJ\ARM\0625_TEST\EWARM\0625_TEST\Obj\system_stm32f4xx.o
#        D:\pknuBSJ\ARM\0625_TEST\EWARM\0625_TEST\Obj\tim.o
#        D:\pknuBSJ\ARM\0625_TEST\EWARM\0625_TEST\Obj\usart.o --redirect
#        _Printf=_PrintfFull --redirect _Scanf=_ScanfFull --no_out_extension -o
#        D:\pknuBSJ\ARM\0625_TEST\EWARM\0625_TEST\Exe\0625_TEST.out --map
#        D:\pknuBSJ\ARM\0625_TEST\EWARM\0625_TEST\List\0625_TEST.map --config
#        D:\pknuBSJ\ARM\0625_TEST\EWARM/stm32f405xx_flash.icf --semihosting
#        --entry __iar_program_start --vfe --text_out locale)
#
###############################################################################

*******************************************************************************
*** RUNTIME MODEL ATTRIBUTES
***

CppFlavor       = *
__SystemLibrary = DLib
__dlib_version  = 6


*******************************************************************************
*** HEAP SELECTION
***

The basic heap was selected because some modules are built with
size limitations (and not runtime checking), and --advanced_heap
was not specified.


*******************************************************************************
*** PLACEMENT SUMMARY
***

"A0":  place at address 0x800'0000 { ro section .intvec };
"P1":  place in [from 0x800'0000 to 0x80f'ffff] { ro };
define block CSTACK with size = 1K, alignment = 8 { };
define block HEAP with size = 512, alignment = 8 { };
"P2":  place in [from 0x2000'0000 to 0x2001'ffff] {
          rw, block CSTACK, block HEAP };
initialize by copy { rw };

  Section            Kind         Address    Size  Object
  -------            ----         -------    ----  ------
"A0":                                       0x188
  .intvec            ro code   0x800'0000   0x188  startup_stm32f405xx.o [1]
                             - 0x800'0188   0x188

"P1":                                      0x5d5c
  .text              ro code   0x800'0188  0x117e  stm32f4xx_hal_i2c.o [1]
  .text              ro code   0x800'1306    0x3a  zero_init3.o [4]
  .text              ro code   0x800'1340    0xbc  i2c.o [1]
  .text              ro code   0x800'13fc   0x1ac  stm32f4xx_hal_rcc.o [1]
  .text              ro code   0x800'15a8     0xc  stm32f4xx_hal.o [1]
  .text              ro code   0x800'15b4     0x2  stm32f4xx_hal_i2c.o [1]
  .text              ro code   0x800'15b6     0x2  stm32f4xx_hal_i2c.o [1]
  .text              ro code   0x800'15b8     0x2  stm32f4xx_hal_i2c.o [1]
  .text              ro code   0x800'15ba     0x2  stm32f4xx_hal_i2c.o [1]
  .text              ro code   0x800'15bc     0x2  stm32f4xx_hal_i2c.o [1]
  .text              ro code   0x800'15be    0x1e  xencoding_8859_1.o [2]
  .text              ro code   0x800'15dc   0x38c  stm32f4xx_hal_dma.o [1]
  .text              ro code   0x800'1968     0x2  stm32f4xx_hal_i2c.o [1]
  .text              ro code   0x800'196a     0x2  stm32f4xx_hal_i2c.o [1]
  .text              ro code   0x800'196c     0x2  stm32f4xx_hal_i2c.o [1]
  .text              ro code   0x800'196e     0x2  stm32f4xx_hal_i2c.o [1]
  .text              ro code   0x800'1970     0x2  stm32f4xx_hal_i2c.o [1]
  .text              ro code   0x800'1972     0xa  xsprout.o [2]
  .text              ro code   0x800'197c   0x48c  main.o [1]
  .text              ro code   0x800'1e08    0x14  memset.o [4]
  .text              ro code   0x800'1e1c   0x1f8  stm32f4xx_hal_gpio.o [1]
  .text              ro code   0x800'2014    0xc4  stm32f4xx_hal_cortex.o [1]
  .text              ro code   0x800'20d8    0x40  stm32f4xx_hal.o [1]
  .text              ro code   0x800'2118   0x106  I64DivMod_small.o [4]
  .rodata            const     0x800'221e     0x2  xlocale_c.o [2]
  .text              ro code   0x800'2220   0x4ec  stm32f4xx_hal_uart.o [1]
  .text              ro code   0x800'270c    0x34  stm32f4xx_hal.o [1]
  .text              ro code   0x800'2740    0xf8  gpio.o [1]
  .text              ro code   0x800'2838    0x34  dma.o [1]
  .text              ro code   0x800'286c   0x114  adc.o [1]
  .text              ro code   0x800'2980   0x1a8  tim.o [1]
  .text              ro code   0x800'2b28    0xb4  usart.o [1]
  .text              ro code   0x800'2bdc   0x2ea  lcd.o [1]
  .rodata            const     0x800'2ec6     0x2  xlocale_c.o [2]
  .text              ro code   0x800'2ec8   0x63e  stm32f4xx_hal_tim.o [1]
  .rodata            const     0x800'3506     0x1  xlocale_c.o [2]
  .text              ro code   0x800'3508   0x472  stm32f4xx_hal_adc.o [1]
  .text              ro code   0x800'397c    0x28  printf.o [2]
  .text              ro code   0x800'39a4    0x28  stm32f4xx_hal.o [1]
  .text              ro code   0x800'39cc   0x310  stm32f4xx_hal_rcc.o [1]
  .text              ro code   0x800'3cdc    0x40  sprintf.o [2]
  .text              ro code   0x800'3d1c    0x48  FltToDbl.o [3]
  .text              ro code   0x800'3d64   0x1a2  DblMul.o [3]
  .text              ro code   0x800'3f08   0x17a  DblAdd.o [3]
  .text              ro code   0x800'4084    0x68  DblToFlt.o [3]
  .text              ro code   0x800'40ec    0x66  ABImemset.o [4]
  .text              ro code   0x800'4154     0x2  I64DivZer.o [4]
  .text              ro code   0x800'4156     0x2  stm32f4xx_hal_uart.o [1]
  .text              ro code   0x800'4158     0x2  stm32f4xx_hal_uart.o [1]
  .text              ro code   0x800'415c    0x38  stm32f4xx_hal_msp.o [1]
  .text              ro code   0x800'4194    0x8c  stm32f4xx_hal_tim_ex.o [1]
  .text              ro code   0x800'4220     0x2  stm32f4xx_hal_tim.o [1]
  .text              ro code   0x800'4222     0x2  stm32f4xx_hal_tim.o [1]
  .text              ro code   0x800'4224     0x2  stm32f4xx_hal_tim.o [1]
  .text              ro code   0x800'4226     0x2  stm32f4xx_hal_tim.o [1]
  .text              ro code   0x800'4228     0x2  stm32f4xx_hal_tim_ex.o [1]
  .text              ro code   0x800'422a     0x2  stm32f4xx_hal_tim.o [1]
  .text              ro code   0x800'422c     0x2  stm32f4xx_hal_tim_ex.o [1]
  .text              ro code   0x800'422e     0x2  stm32f4xx_hal_tim.o [1]
  .text              ro code   0x800'4230     0x2  stm32f4xx_hal_adc.o [1]
  .text              ro code   0x800'4232     0x2  stm32f4xx_hal_adc.o [1]
  .text              ro code   0x800'4234     0x2  stm32f4xx_hal_adc.o [1]
  .text              ro code   0x800'4238  0x10c6  xprintffull.o [2]
  .text              ro code   0x800'5300    0xe2  DblSub.o [3]
  .text              ro code   0x800'53e4    0x7c  xlocale_c.o [2]
  .text              ro code   0x800'5460    0x16  strchr.o [4]
  .text              ro code   0x800'5478    0x40  xfail_s.o [2]
  .text              ro code   0x800'54b8    0x36  strlen.o [4]
  .text              ro code   0x800'54f0    0x58  memchr.o [4]
  .text              ro code   0x800'5548    0xa6  ABImemcpy.o [4]
  .text              ro code   0x800'55f0    0x70  frexp.o [3]
  .text              ro code   0x800'5660    0x2e  DblCmpLe.o [3]
  .text              ro code   0x800'5690    0x2e  DblCmpGe.o [3]
  .text              ro code   0x800'56c0   0x13a  ldexp.o [3]
  .text              ro code   0x800'57fc    0x3a  DblToS32.o [3]
  .text              ro code   0x800'5838    0x22  S32ToDbl.o [3]
  .text              ro code   0x800'585c   0x246  DblDiv.o [3]
  .text              ro code   0x800'5aa4    0x28  DblToU32.o [3]
  .text              ro code   0x800'5acc    0x1a  U32ToDbl.o [3]
  .text              ro code   0x800'5ae6     0xa  xmbcurmax.o [2]
  .text              ro code   0x800'5af0     0x6  abort.o [2]
  .text              ro code   0x800'5af8    0x14  exit.o [5]
  .text              ro code   0x800'5b0c    0x78  lz77_init_single.o [4]
  .rodata            const     0x800'5b84    0x64  main.o [1]
  .text              ro code   0x800'5be8    0x44  stm32f4xx_it.o [1]
  .text              ro code   0x800'5c2c    0x10  stm32f4xx_hal.o [1]
  .text              ro code   0x800'5c3c    0x2c  system_stm32f4xx.o [1]
  .text              ro code   0x800'5c68    0x28  data_init.o [4]
  .text              ro code   0x800'5c90    0x22  fpinit_M.o [3]
  .iar.init_table    const     0x800'5cb4    0x20  - Linker created -
  .text              ro code   0x800'5cd4    0x1e  cmain.o [4]
  .text              ro code   0x800'5cf2     0x4  low_level_init.o [2]
  .text              ro code   0x800'5cf6     0x4  exit.o [2]
  .text              ro code   0x800'5cfc     0xa  cexit.o [4]
  .text              ro code   0x800'5d06    0x16  xprout.o [2]
  .text              ro code   0x800'5d1c     0xc  putchar.o [2]
  .text              ro code   0x800'5d28    0x10  startup_stm32f405xx.o [1]
  .text              ro code   0x800'5d38     0xc  cstartup_M.o [4]
  .rodata            const     0x800'5d44     0x8  system_stm32f4xx.o [1]
  .text              ro code   0x800'5d4c     0x4  startup_stm32f405xx.o [1]
  .text              ro code   0x800'5d50     0x4  startup_stm32f405xx.o [1]
  .text              ro code   0x800'5d54     0x4  startup_stm32f405xx.o [1]
  .text              ro code   0x800'5d58     0x4  startup_stm32f405xx.o [1]
  .text              ro code   0x800'5d5c     0x4  startup_stm32f405xx.o [1]
  .text              ro code   0x800'5d60     0x4  startup_stm32f405xx.o [1]
  .text              ro code   0x800'5d64     0x4  startup_stm32f405xx.o [1]
  .text              ro code   0x800'5d68     0x4  startup_stm32f405xx.o [1]
  .text              ro code   0x800'5d6c     0x4  startup_stm32f405xx.o [1]
  .text              ro code   0x800'5d70     0x4  startup_stm32f405xx.o [1]
  .text              ro code   0x800'5d74     0x4  startup_stm32f405xx.o [1]
  .text              ro code   0x800'5d78     0x4  startup_stm32f405xx.o [1]
  .text              ro code   0x800'5d7c     0x4  startup_stm32f405xx.o [1]
  .text              ro code   0x800'5d80     0x4  startup_stm32f405xx.o [1]
  .text              ro code   0x800'5d84     0x4  startup_stm32f405xx.o [1]
  .text              ro code   0x800'5d88     0x4  startup_stm32f405xx.o [1]
  .text              ro code   0x800'5d8c     0x4  startup_stm32f405xx.o [1]
  .text              ro code   0x800'5d90     0x4  startup_stm32f405xx.o [1]
  .text              ro code   0x800'5d94     0x4  startup_stm32f405xx.o [1]
  .text              ro code   0x800'5d98     0x4  startup_stm32f405xx.o [1]
  .text              ro code   0x800'5d9c     0x4  startup_stm32f405xx.o [1]
  .text              ro code   0x800'5da0     0x4  startup_stm32f405xx.o [1]
  .text              ro code   0x800'5da4     0x4  startup_stm32f405xx.o [1]
  .text              ro code   0x800'5da8     0x4  startup_stm32f405xx.o [1]
  .text              ro code   0x800'5dac     0x4  startup_stm32f405xx.o [1]
  .text              ro code   0x800'5db0     0x4  startup_stm32f405xx.o [1]
  .text              ro code   0x800'5db4     0x4  startup_stm32f405xx.o [1]
  .text              ro code   0x800'5db8     0x4  startup_stm32f405xx.o [1]
  .text              ro code   0x800'5dbc     0x4  startup_stm32f405xx.o [1]
  .text              ro code   0x800'5dc0     0x4  startup_stm32f405xx.o [1]
  .text              ro code   0x800'5dc4     0x4  startup_stm32f405xx.o [1]
  .text              ro code   0x800'5dc8     0x4  startup_stm32f405xx.o [1]
  .text              ro code   0x800'5dcc     0x4  startup_stm32f405xx.o [1]
  .text              ro code   0x800'5dd0     0x4  startup_stm32f405xx.o [1]
  .text              ro code   0x800'5dd4     0x4  startup_stm32f405xx.o [1]
  .text              ro code   0x800'5dd8     0x4  startup_stm32f405xx.o [1]
  .text              ro code   0x800'5ddc     0x4  startup_stm32f405xx.o [1]
  .text              ro code   0x800'5de0     0x4  startup_stm32f405xx.o [1]
  .text              ro code   0x800'5de4     0x4  startup_stm32f405xx.o [1]
  .text              ro code   0x800'5de8     0x4  startup_stm32f405xx.o [1]
  .text              ro code   0x800'5dec     0x4  startup_stm32f405xx.o [1]
  .text              ro code   0x800'5df0     0x4  startup_stm32f405xx.o [1]
  .text              ro code   0x800'5df4     0x4  startup_stm32f405xx.o [1]
  .text              ro code   0x800'5df8     0x4  startup_stm32f405xx.o [1]
  .text              ro code   0x800'5dfc     0x4  startup_stm32f405xx.o [1]
  .text              ro code   0x800'5e00     0x4  startup_stm32f405xx.o [1]
  .text              ro code   0x800'5e04     0x4  startup_stm32f405xx.o [1]
  .text              ro code   0x800'5e08     0x4  startup_stm32f405xx.o [1]
  .text              ro code   0x800'5e0c     0x4  startup_stm32f405xx.o [1]
  .text              ro code   0x800'5e10     0x4  startup_stm32f405xx.o [1]
  .text              ro code   0x800'5e14     0x4  startup_stm32f405xx.o [1]
  .text              ro code   0x800'5e18     0x4  startup_stm32f405xx.o [1]
  .text              ro code   0x800'5e1c     0x4  startup_stm32f405xx.o [1]
  .text              ro code   0x800'5e20     0x4  startup_stm32f405xx.o [1]
  .text              ro code   0x800'5e24     0x4  startup_stm32f405xx.o [1]
  .text              ro code   0x800'5e28     0x4  startup_stm32f405xx.o [1]
  .text              ro code   0x800'5e2c     0x4  startup_stm32f405xx.o [1]
  .text              ro code   0x800'5e30     0x4  startup_stm32f405xx.o [1]
  .text              ro code   0x800'5e34     0x4  startup_stm32f405xx.o [1]
  .text              ro code   0x800'5e38     0x4  startup_stm32f405xx.o [1]
  .text              ro code   0x800'5e3c     0x4  startup_stm32f405xx.o [1]
  .text              ro code   0x800'5e40     0x4  startup_stm32f405xx.o [1]
  .text              ro code   0x800'5e44     0x4  startup_stm32f405xx.o [1]
  .text              ro code   0x800'5e48     0x4  startup_stm32f405xx.o [1]
  .text              ro code   0x800'5e4c     0x4  startup_stm32f405xx.o [1]
  .text              ro code   0x800'5e50     0x4  startup_stm32f405xx.o [1]
  .text              ro code   0x800'5e54     0x4  startup_stm32f405xx.o [1]
  .text              ro code   0x800'5e58     0x4  startup_stm32f405xx.o [1]
  .text              ro code   0x800'5e5c     0x4  startup_stm32f405xx.o [1]
  .text              ro code   0x800'5e60     0x4  startup_stm32f405xx.o [1]
  .text              ro code   0x800'5e64     0x4  startup_stm32f405xx.o [1]
  .text              ro code   0x800'5e68     0x4  startup_stm32f405xx.o [1]
  .text              ro code   0x800'5e6c     0x4  startup_stm32f405xx.o [1]
  .rodata            const     0x800'5e70     0x0  zero_init3.o [4]
  .rodata            const     0x800'5e70     0x0  lz77_init_single.o [4]
  Initializer bytes  const     0x800'5e70    0x74  <for P2-1>
                             - 0x800'5ee4  0x5d5c

"P2", part 1 of 3:                          0x110
  P2-1                        0x2000'0000   0x110  <Init block>
    .data            inited   0x2000'0000    0x38  main.o [1]
    .data            inited   0x2000'0038     0xc  stm32f4xx_hal.o [1]
    .data            inited   0x2000'0044     0x4  system_stm32f4xx.o [1]
    .data            inited   0x2000'0048    0x38  xlocale_c.o [2]
    .data            inited   0x2000'0080    0x48  xlocale_c.o [2]
    .data            inited   0x2000'00c8    0x48  xfiles.o [2]
                            - 0x2000'0110   0x110

"P2", part 2 of 3:                          0x234
  .bss               zero     0x2000'0110    0x60  adc.o [1]
  .bss               zero     0x2000'0170    0x54  i2c.o [1]
  .bss               zero     0x2000'01c4    0x50  xfiles.o [2]
  .bss               zero     0x2000'0214    0x48  adc.o [1]
  .bss               zero     0x2000'025c    0x40  tim.o [1]
  .bss               zero     0x2000'029c    0x40  tim.o [1]
  .bss               zero     0x2000'02dc    0x40  usart.o [1]
  .bss               zero     0x2000'031c    0x20  main.o [1]
  .bss               zero     0x2000'033c     0x4  main.o [1]
  .bss               zero     0x2000'0340     0x4  xfail_s.o [2]
                            - 0x2000'0344   0x234

"P2", part 3 of 3:                          0x400
  CSTACK                      0x2000'0348   0x400  <Block>
    CSTACK           uninit   0x2000'0348   0x400  <Block tail>
                            - 0x2000'0748   0x400

Unused ranges:

         From           To      Size
         ----           --      ----
   0x800'5ee4   0x80f'ffff  0xf'a11c
  0x2000'0344  0x2000'0347       0x4
  0x2000'0748  0x2001'ffff  0x1'f8b8


*******************************************************************************
*** INIT TABLE
***

          Address      Size
          -------      ----
Zero (__iar_zero_init3)
    1 destination range, total size 0x234:
          0x2000'0110  0x234

Copy/lz77 (__iar_lz77_init_single3)
    1 source range, total size 0x74 (42% of destination):
           0x800'5e70   0x74
    1 destination range, total size 0x110:
          0x2000'0000  0x110



*******************************************************************************
*** MODULE SUMMARY
***

    Module                  ro code  ro data  rw data
    ------                  -------  -------  -------
command line/config:
    -------------------------------------------------
    Total:

D:\pknuBSJ\ARM\0625_TEST\EWARM\0625_TEST\Obj: [1]
    adc.o                       276               168
    dma.o                        52
    gpio.o                      248
    i2c.o                       188                84
    lcd.o                       746
    main.o                    1'164      123       92
    startup_stm32f405xx.o       700
    stm32f4xx_hal.o             184        6       12
    stm32f4xx_hal_adc.o       1'144
    stm32f4xx_hal_cortex.o      196
    stm32f4xx_hal_dma.o         908
    stm32f4xx_hal_gpio.o        504
    stm32f4xx_hal_i2c.o       4'498
    stm32f4xx_hal_msp.o          56
    stm32f4xx_hal_rcc.o       1'212
    stm32f4xx_hal_tim.o       1'610
    stm32f4xx_hal_tim_ex.o      144
    stm32f4xx_hal_uart.o      1'264
    stm32f4xx_it.o               68
    system_stm32f4xx.o           44        9        4
    tim.o                       424               128
    usart.o                     180                64
    -------------------------------------------------
    Total:                   15'810      138      552

dl7M_tlf.a: [2]
    abort.o                       6
    exit.o                        4
    low_level_init.o              4
    printf.o                     40
    putchar.o                    12
    sprintf.o                    64
    xencoding_8859_1.o           30
    xfail_s.o                    64                 4
    xfiles.o                              31      152
    xlocale_c.o                 124       60      128
    xmbcurmax.o                  10
    xprintffull.o             4'294
    xprout.o                     22
    xsprout.o                    10
    -------------------------------------------------
    Total:                    4'684       91      284

m7M_tls.a: [3]
    DblAdd.o                    378
    DblCmpGe.o                   46
    DblCmpLe.o                   46
    DblDiv.o                    582
    DblMul.o                    418
    DblSub.o                    226
    DblToFlt.o                  104
    DblToS32.o                   58
    DblToU32.o                   40
    FltToDbl.o                   72
    S32ToDbl.o                   34
    U32ToDbl.o                   26
    fpinit_M.o                   34
    frexp.o                     112
    ldexp.o                     314
    -------------------------------------------------
    Total:                    2'490

rt7M_tl.a: [4]
    ABImemcpy.o                 166
    ABImemset.o                 102
    I64DivMod_small.o           262
    I64DivZer.o                   2
    cexit.o                      10
    cmain.o                      30
    cstartup_M.o                 12
    data_init.o                  40
    lz77_init_single.o          120
    memchr.o                     88
    memset.o                     20
    strchr.o                     22
    strlen.o                     54
    zero_init3.o                 58
    -------------------------------------------------
    Total:                      986

shb_l.a: [5]
    exit.o                       20
    -------------------------------------------------
    Total:                       20

    Gaps                         39        2
    Linker created                        32    1'024
-----------------------------------------------------
    Grand Total:             24'029      263    1'860


*******************************************************************************
*** ENTRY LIST
***

Entry                       Address   Size  Type      Object
-----                       -------   ----  ----      ------
.iar.init_table$$Base    0x800'5cb4          --   Gb  - Linker created -
.iar.init_table$$Limit   0x800'5cd4          --   Gb  - Linker created -
?main                    0x800'5cd5         Code  Gb  cmain.o [4]
ADCMenu                  0x800'1bf1   0x3a  Code  Gb  main.o [1]
ADC_DMAConvCplt          0x800'38f9   0x66  Code  Lc  stm32f4xx_hal_adc.o [1]
ADC_DMAError             0x800'3969   0x12  Code  Lc  stm32f4xx_hal_adc.o [1]
ADC_DMAHalfConvCplt      0x800'3961    0x6  Code  Lc  stm32f4xx_hal_adc.o [1]
AHBPrescTable            0x800'5c58   0x10  Data  Gb  system_stm32f4xx.o [1]
APBPrescTable            0x800'5d44    0x8  Data  Gb  system_stm32f4xx.o [1]
BusFault_Handler         0x800'5bef    0x2  Code  Gb  stm32f4xx_it.o [1]
CCR1_Val                0x2000'033c    0x4  Data  Gb  main.o [1]
CSTACK$$Base            0x2000'0348          --   Gb  - Linker created -
CSTACK$$Limit           0x2000'0748          --   Gb  - Linker created -
CacheMore                0x800'53e9   0x28  Code  Lc  xlocale_c.o [2]
DMA2_Stream0_IRQHandler
                         0x800'5c17    0x6  Code  Gb  stm32f4xx_it.o [1]
DMA_CalcBaseAndBitshift
                         0x800'1939   0x26  Code  Lc  stm32f4xx_hal_dma.o [1]
DMA_CalcBaseAndBitshift::flagBitshiftOffset
                         0x800'1960    0x8  Data  Lc  stm32f4xx_hal_dma.o [1]
DMA_SetConfig            0x800'1917   0x20  Code  Lc  stm32f4xx_hal_dma.o [1]
DebugMon_Handler         0x800'5bf5    0x2  Code  Gb  stm32f4xx_it.o [1]
DoReMi                  0x2000'0004   0x20  Data  Gb  main.o [1]
EXTI15_10_IRQHandler     0x800'5c0f    0x8  Code  Gb  stm32f4xx_it.o [1]
Error_Handler            0x800'1dc9    0x2  Code  Gb  main.o [1]
HAL_ADC_ConfigChannel    0x800'379d  0x110  Code  Gb  stm32f4xx_hal_adc.o [1]
HAL_ADC_Init             0x800'3509  0x154  Code  Gb  stm32f4xx_hal_adc.o [1]
HAL_ADC_MspInit          0x800'28cd   0x98  Code  Gb  adc.o [1]
HAL_ADC_Start_DMA        0x800'368f  0x10e  Code  Gb  stm32f4xx_hal_adc.o [1]
HAL_DMA_Abort_IT         0x800'172d   0x24  Code  Gb  stm32f4xx_hal_dma.o [1]
HAL_DMA_GetState         0x800'1911    0x6  Code  Gb  stm32f4xx_hal_dma.o [1]
HAL_DMA_IRQHandler       0x800'1751  0x188  Code  Gb  stm32f4xx_hal_dma.o [1]
HAL_DMA_Init             0x800'15dd   0xee  Code  Gb  stm32f4xx_hal_dma.o [1]
HAL_DMA_Start_IT         0x800'16cb   0x62  Code  Gb  stm32f4xx_hal_dma.o [1]
HAL_Delay                0x800'39a5   0x28  Code  Wk  stm32f4xx_hal.o [1]
HAL_GPIO_EXTI_Callback   0x800'1d65    0xe  Code  Gb  main.o [1]
HAL_GPIO_EXTI_IRQHandler
                         0x800'1fd3   0x10  Code  Gb  stm32f4xx_hal_gpio.o [1]
HAL_GPIO_Init            0x800'1e1d  0x1ae  Code  Gb  stm32f4xx_hal_gpio.o [1]
HAL_GPIO_WritePin        0x800'1fcb    0x8  Code  Gb  stm32f4xx_hal_gpio.o [1]
HAL_GetTick              0x800'15a9    0xc  Code  Wk  stm32f4xx_hal.o [1]
HAL_I2C_EV_IRQHandler    0x800'07af  0x614  Code  Gb  stm32f4xx_hal_i2c.o [1]
HAL_I2C_Init             0x800'0189  0x12c  Code  Gb  stm32f4xx_hal_i2c.o [1]
HAL_I2C_Master_Receive   0x800'03f7  0x1b4  Code  Gb  stm32f4xx_hal_i2c.o [1]
HAL_I2C_Master_Transmit
                         0x800'02c1  0x136  Code  Gb  stm32f4xx_hal_i2c.o [1]
HAL_I2C_MspInit          0x800'1371   0x76  Code  Gb  i2c.o [1]
HAL_IncTick              0x800'5c2d   0x10  Code  Wk  stm32f4xx_hal.o [1]
HAL_Init                 0x800'270d   0x30  Code  Gb  stm32f4xx_hal.o [1]
HAL_InitTick             0x800'20d9   0x40  Code  Wk  stm32f4xx_hal.o [1]
HAL_MspInit              0x800'415d   0x38  Code  Gb  stm32f4xx_hal_msp.o [1]
HAL_NVIC_EnableIRQ       0x800'2083   0x16  Code  Gb  stm32f4xx_hal_cortex.o [1]
HAL_NVIC_SetPriority     0x800'2049   0x3a  Code  Gb  stm32f4xx_hal_cortex.o [1]
HAL_NVIC_SetPriorityGrouping
                         0x800'202f   0x1a  Code  Gb  stm32f4xx_hal_cortex.o [1]
HAL_RCC_ClockConfig      0x800'13fd  0x100  Code  Gb  stm32f4xx_hal_rcc.o [1]
HAL_RCC_GetPCLK1Freq     0x800'1509   0x10  Code  Gb  stm32f4xx_hal_rcc.o [1]
HAL_RCC_GetPCLK2Freq     0x800'1519    0xe  Code  Gb  stm32f4xx_hal_rcc.o [1]
HAL_RCC_OscConfig        0x800'39cd  0x310  Code  Wk  stm32f4xx_hal_rcc.o [1]
HAL_SYSTICK_Config       0x800'2099   0x28  Code  Gb  stm32f4xx_hal_cortex.o [1]
HAL_TIMEx_BreakCallback
                         0x800'4229    0x2  Code  Wk  stm32f4xx_hal_tim_ex.o [1]
HAL_TIMEx_CommutCallback
                         0x800'422d    0x2  Code  Wk  stm32f4xx_hal_tim_ex.o [1]
HAL_TIMEx_MasterConfigSynchronization
                         0x800'4195   0x6e  Code  Gb  stm32f4xx_hal_tim_ex.o [1]
HAL_TIM_Base_Init        0x800'2ec9   0x1a  Code  Gb  stm32f4xx_hal_tim.o [1]
HAL_TIM_Base_MspInit     0x800'2a4f   0x54  Code  Gb  tim.o [1]
HAL_TIM_ConfigClockSource
                         0x800'31a9   0x90  Code  Gb  stm32f4xx_hal_tim.o [1]
HAL_TIM_IRQHandler       0x800'2f71  0x142  Code  Gb  stm32f4xx_hal_tim.o [1]
HAL_TIM_MspPostInit      0x800'2aa3   0x48  Code  Gb  tim.o [1]
HAL_TIM_PWM_ConfigChannel
                         0x800'30b9   0xbc  Code  Gb  stm32f4xx_hal_tim.o [1]
HAL_TIM_PWM_Init         0x800'2f17   0x1a  Code  Gb  stm32f4xx_hal_tim.o [1]
HAL_TIM_PWM_Start        0x800'2f31   0x14  Code  Gb  stm32f4xx_hal_tim.o [1]
HAL_UART_IRQHandler      0x800'23ab  0x15c  Code  Gb  stm32f4xx_hal_uart.o [1]
HAL_UART_Init            0x800'2221   0x1e  Code  Gb  stm32f4xx_hal_uart.o [1]
HAL_UART_MspInit         0x800'2b57   0x76  Code  Gb  usart.o [1]
HAL_UART_Receive_IT      0x800'2349   0x56  Code  Gb  stm32f4xx_hal_uart.o [1]
HAL_UART_RxCpltCallback
                         0x800'1d39   0x2c  Code  Gb  main.o [1]
HAL_UART_Transmit        0x800'2297   0xaa  Code  Gb  stm32f4xx_hal_uart.o [1]
HUMI                    0x2000'0328    0x4  Data  Gb  main.o [1]
HardFault_Handler        0x800'5beb    0x2  Code  Gb  stm32f4xx_it.o [1]
I2C1_EV_IRQHandler       0x800'5c03    0x6  Code  Gb  stm32f4xx_it.o [1]
I2C_DMAAbort             0x800'1089   0x80  Code  Lc  stm32f4xx_hal_i2c.o [1]
I2C_ITError              0x800'0f4d   0xf2  Code  Lc  stm32f4xx_hal_i2c.o [1]
I2C_IsAcknowledgeFailed
                         0x800'12db   0x2c  Code  Lc  stm32f4xx_hal_i2c.o [1]
I2C_MemoryTransmit_TXE_BTF
                         0x800'0ed3   0x7a  Code  Lc  stm32f4xx_hal_i2c.o [1]
I2C_WaitOnBTFFlagUntilTimeout
                         0x800'1249   0x3a  Code  Lc  stm32f4xx_hal_i2c.o [1]
I2C_WaitOnFlagUntilTimeout
                         0x800'111f   0x50  Code  Lc  stm32f4xx_hal_i2c.o [1]
I2C_WaitOnMasterAddressFlagUntilTimeout
                         0x800'116f   0x76  Code  Lc  stm32f4xx_hal_i2c.o [1]
I2C_WaitOnRXNEFlagUntilTimeout
                         0x800'1283   0x44  Code  Lc  stm32f4xx_hal_i2c.o [1]
I2C_WaitOnTXEFlagUntilTimeout
                         0x800'11f3   0x3a  Code  Lc  stm32f4xx_hal_i2c.o [1]
LEDMenu                  0x800'1bd5   0x1a  Code  Gb  main.o [1]
MX_ADC1_Init             0x800'286d   0x60  Code  Gb  adc.o [1]
MX_DMA_Init              0x800'2839   0x34  Code  Gb  dma.o [1]
MX_GPIO_Init             0x800'2741   0xd4  Code  Gb  gpio.o [1]
MX_I2C1_Init             0x800'1341   0x30  Code  Gb  i2c.o [1]
MX_TIM2_Init             0x800'2981   0x2a  Code  Gb  tim.o [1]
MX_TIM3_Init             0x800'29ab   0x22  Code  Gb  tim.o [1]
MX_USART1_UART_Init      0x800'2b29   0x2e  Code  Gb  usart.o [1]
MemManage_Handler        0x800'5bed    0x2  Code  Gb  stm32f4xx_it.o [1]
NMI_Handler              0x800'5be9    0x2  Code  Gb  stm32f4xx_it.o [1]
PendSV_Handler           0x800'5bf7    0x2  Code  Gb  stm32f4xx_it.o [1]
Region$$Table$$Base      0x800'5cb4          --   Gb  - Linker created -
Region$$Table$$Limit     0x800'5cd4          --   Gb  - Linker created -
SVC_Handler              0x800'5bf3    0x2  Code  Gb  stm32f4xx_it.o [1]
SysTick_Handler          0x800'5bf9    0x4  Code  Gb  stm32f4xx_it.o [1]
SystemClock_Config       0x800'1b3f   0x96  Code  Gb  main.o [1]
SystemCoreClock         0x2000'0044    0x4  Data  Gb  system_stm32f4xx.o [1]
SystemInit               0x800'5c3d   0x14  Code  Gb  system_stm32f4xx.o [1]
TEMP                    0x2000'0324    0x4  Data  Gb  main.o [1]
TEMPMenu                 0x800'1c2d   0xec  Code  Gb  main.o [1]
TIM2_IRQHandler          0x800'5bfd    0x6  Code  Gb  stm32f4xx_it.o [1]
TIM_Base_SetConfig       0x800'3263   0x96  Code  Gb  stm32f4xx_hal_tim.o [1]
TIM_CCxChannelCmd        0x800'34eb   0x16  Code  Gb  stm32f4xx_hal_tim.o [1]
TIM_ETR_SetConfig        0x800'34d7   0x14  Code  Gb  stm32f4xx_hal_tim.o [1]
TIM_ITRx_SetConfig       0x800'34c7   0x10  Code  Lc  stm32f4xx_hal_tim.o [1]
TIM_OC1_SetConfig        0x800'32f9   0x58  Code  Lc  stm32f4xx_hal_tim.o [1]
TIM_OC2_SetConfig        0x800'3351   0x60  Code  Gb  stm32f4xx_hal_tim.o [1]
TIM_OC3_SetConfig        0x800'33b1   0x5e  Code  Lc  stm32f4xx_hal_tim.o [1]
TIM_OC4_SetConfig        0x800'340f   0x46  Code  Lc  stm32f4xx_hal_tim.o [1]
TIM_TI1_ConfigInputStage
                         0x800'3485   0x1e  Code  Lc  stm32f4xx_hal_tim.o [1]
TIM_TI2_ConfigInputStage
                         0x800'34a3   0x24  Code  Lc  stm32f4xx_hal_tim.o [1]
Time_STOP               0x2000'0001    0x1  Data  Gb  main.o [1]
UART_DMAAbortOnError     0x800'2589    0xc  Code  Lc  stm32f4xx_hal_uart.o [1]
UART_EndRxTransfer       0x800'256b   0x1c  Code  Lc  stm32f4xx_hal_uart.o [1]
UART_Receive_IT          0x800'2595   0x92  Code  Lc  stm32f4xx_hal_uart.o [1]
UART_SetConfig           0x800'2627   0xca  Code  Lc  stm32f4xx_hal_uart.o [1]
UART_WaitOnFlagUntilTimeout
                         0x800'2507   0x56  Code  Lc  stm32f4xx_hal_uart.o [1]
USART1_IRQHandler        0x800'5c09    0x6  Code  Gb  stm32f4xx_it.o [1]
UsageFault_Handler       0x800'5bf1    0x2  Code  Gb  stm32f4xx_it.o [1]
_Encoding_8859_1_Mbrlen
                         0x800'15d1    0x2  Code  Gb  xencoding_8859_1.o [2]
_Encoding_8859_1_Wctomb
                         0x800'15bf   0x12  Code  Gb  xencoding_8859_1.o [2]
_LitobFull               0x800'514b  0x10a  Code  Lc  xprintffull.o [2]
_Locale_lconv           0x2000'0048   0x38  Data  Lc  xlocale_c.o [2]
_PrintfFull              0x800'4239  0xcc2  Code  Gb  xprintffull.o [2]
_Prout                   0x800'5d07   0x16  Code  Gb  xprout.o [2]
_PutcharsFull            0x800'52bd   0x2e  Code  Lc  xprintffull.o [2]
_PutstrFull              0x800'508b   0xc0  Code  Lc  xprintffull.o [2]
_PuttxtFull              0x800'4f7f  0x10c  Code  Lc  xprintffull.o [2]
_SProut                  0x800'1973    0xa  Code  Gb  xsprout.o [2]
__NVIC_SetPriority       0x800'2015   0x1a  Code  Lc  stm32f4xx_hal_cortex.o [1]
__aeabi_cdcmple          0x800'5661         Code  Gb  DblCmpLe.o [3]
__aeabi_cdrcmple         0x800'5691         Code  Gb  DblCmpGe.o [3]
__aeabi_d2f              0x800'4085         Code  Gb  DblToFlt.o [3]
__aeabi_d2iz             0x800'57fd         Code  Gb  DblToS32.o [3]
__aeabi_d2uiz            0x800'5aa5         Code  Gb  DblToU32.o [3]
__aeabi_dadd             0x800'3f09         Code  Gb  DblAdd.o [3]
__aeabi_ddiv             0x800'585d         Code  Gb  DblDiv.o [3]
__aeabi_dmul             0x800'3d65         Code  Gb  DblMul.o [3]
__aeabi_dsub             0x800'5301         Code  Gb  DblSub.o [3]
__aeabi_f2d              0x800'3d1d         Code  Gb  FltToDbl.o [3]
__aeabi_i2d              0x800'5839         Code  Gb  S32ToDbl.o [3]
__aeabi_ldiv0            0x800'4155         Code  Gb  I64DivZer.o [4]
__aeabi_memcpy           0x800'5549         Code  Gb  ABImemcpy.o [4]
__aeabi_memcpy4          0x800'5569         Code  Gb  ABImemcpy.o [4]
__aeabi_memcpy8          0x800'5569         Code  Gb  ABImemcpy.o [4]
__aeabi_memset           0x800'40ed         Code  Gb  ABImemset.o [4]
__aeabi_ui2d             0x800'5acd         Code  Gb  U32ToDbl.o [3]
__cmain                  0x800'5cd5         Code  Gb  cmain.o [4]
__exit                   0x800'5af9   0x14  Code  Gb  exit.o [5]
__iar_Fail_s             0x800'5479   0x1c  Code  Gb  xfail_s.o [2]
__iar_Mbcurmax           0x800'5ae7    0xa  Code  Gb  xmbcurmax.o [2]
__iar_Memchr             0x800'54f1         Code  Gb  memchr.o [4]
__iar_Memset             0x800'40ed         Code  Gb  ABImemset.o [4]
__iar_Memset_word        0x800'40f5         Code  Gb  ABImemset.o [4]
__iar_Stdout            0x2000'00c8   0x48  Data  Gb  xfiles.o [2]
__iar_Strchr             0x800'5461         Code  Gb  strchr.o [4]
__iar_dadd               0x800'5311         Code  Gb  DblSub.o [3]
__iar_data_init3         0x800'5c69   0x28  Code  Gb  data_init.o [4]
__iar_dsub               0x800'3f19         Code  Gb  DblAdd.o [3]
__iar_dsubStart          0x800'3f2b         Code  Gb  DblAdd.o [3]
__iar_frexp              0x800'55fd         Code  Gb  frexp.o [3]
__iar_frexpl             0x800'55fd         Code  Gb  frexp.o [3]
__iar_globLocale        0x2000'0080   0x48  Data  Lc  xlocale_c.o [2]
__iar_global_Locale      0x800'53e5    0x4  Code  Gb  xlocale_c.o [2]
__iar_init_vfp           0x800'5c91         Code  Gb  fpinit_M.o [3]
__iar_ldexp64            0x800'56c1         Code  Gb  ldexp.o [3]
__iar_lz77_init_single3
                         0x800'5b0d   0x78  Code  Gb  lz77_init_single.o [4]
__iar_program_start      0x800'5d39         Code  Gb  cstartup_M.o [4]
__iar_scalbln64          0x800'56c1         Code  Gb  ldexp.o [3]
__iar_scalbn64           0x800'56c1         Code  Gb  ldexp.o [3]
__iar_small_uldivmod     0x800'2119         Code  Gb  I64DivMod_small.o [4]
__iar_softfp___iar_frexp64
                         0x800'55f1         Code  Gb  frexp.o [3]
__iar_softfp_frexp       0x800'55f1         Code  Gb  frexp.o [3]
__iar_softfp_frexpl      0x800'55f1         Code  Gb  frexp.o [3]
__iar_zero_init3         0x800'1307   0x3a  Code  Gb  zero_init3.o [4]
__low_level_init         0x800'5cf3    0x4  Code  Gb  low_level_init.o [2]
__vector_table           0x800'0000         Data  Gb  startup_stm32f405xx.o [1]
_call_main               0x800'5ce1         Code  Gb  cmain.o [4]
_exit                    0x800'5cfd         Code  Gb  cexit.o [4]
_gLocale_mblen           0x800'544d    0x4  Code  Gb  xlocale_c.o [2]
_gLocale_mblenInt        0x800'5411   0x2c  Code  Gb  xlocale_c.o [2]
_gLocale_wctomb          0x800'5451    0x4  Code  Gb  xlocale_c.o [2]
_gLocale_wctombInt       0x800'5449    0x4  Code  Gb  xlocale_c.o [2]
_main                    0x800'5cef         Code  Gb  cmain.o [4]
abort                    0x800'5af1    0x6  Code  Gb  abort.o [2]
adcData                 0x2000'0002    0x2  Data  Gb  main.o [1]
exit                     0x800'5cf7    0x4  Code  Gb  exit.o [2]
fputc                    0x800'197d   0x14  Code  Gb  main.o [1]
hadc1                   0x2000'0214   0x48  Data  Gb  adc.o [1]
hdma_adc1               0x2000'0110   0x60  Data  Gb  adc.o [1]
hi2c1                   0x2000'0170   0x54  Data  Gb  i2c.o [1]
htim2                   0x2000'025c   0x40  Data  Gb  tim.o [1]
htim3                   0x2000'029c   0x40  Data  Gb  tim.o [1]
huart1                  0x2000'02dc   0x40  Data  Gb  usart.o [1]
i2cData                 0x2000'031c    0x2  Data  Gb  main.o [1]
lcdClear                 0x800'2e6f    0x4  Code  Gb  lcd.o [1]
lcdControlWrite          0x800'2dab    0xc  Code  Gb  lcd.o [1]
lcdDataWrite             0x800'2db7   0x12  Code  Gb  lcd.o [1]
lcdGotoXY                0x800'2e73   0x1e  Code  Gb  lcd.o [1]
lcdInit                  0x800'2e3d   0x32  Code  Gb  lcd.o [1]
lcdInitHW                0x800'2d49   0x62  Code  Gb  lcd.o [1]
lcdPrint                 0x800'2ead   0x1a  Code  Gb  lcd.o [1]
lcdPrintData             0x800'2e91   0x1c  Code  Gb  lcd.o [1]
lcdmDelay                0x800'2d2b   0x1e  Code  Lc  lcd.o [1]
lcduDelay                0x800'2bdd  0x14e  Code  Lc  lcd.o [1]
ldexp                    0x800'56c1         Code  Gb  ldexp.o [3]
ldexpl                   0x800'56c1         Code  Gb  ldexp.o [3]
localeconv               0x800'5455    0x4  Code  Gb  xlocale_c.o [2]
main                     0x800'1991  0x17c  Code  Gb  main.o [1]
memchr                   0x800'54f1         Code  Gb  memchr.o [4]
memset                   0x800'1e09   0x14  Code  Gb  memset.o [4]
mode                    0x2000'031e    0x1  Data  Gb  main.o [1]
obuf                    0x2000'01c4   0x50  Data  Lc  xfiles.o [2]
piano                   0x2000'0028    0x4  Data  Gb  main.o [1]
printf                   0x800'397d   0x28  Code  Gb  printf.o [2]
putchar                  0x800'5d1d    0xc  Code  Gb  putchar.o [2]
pwmfreq                 0x2000'0024    0x4  Data  Gb  main.o [1]
rxData                  0x2000'0000    0x1  Data  Gb  main.o [1]
scalbln                  0x800'56c1         Code  Gb  ldexp.o [3]
scalblnl                 0x800'56c1         Code  Gb  ldexp.o [3]
scalbn                   0x800'56c1         Code  Gb  ldexp.o [3]
scalbnl                  0x800'56c1         Code  Gb  ldexp.o [3]
scale                    0x800'5255   0x46  Code  Lc  xprintffull.o [2]
sec_hand                0x2000'0340    0x4  Data  Lc  xfail_s.o [2]
sprintf                  0x800'3cdd   0x40  Code  Gb  sprintf.o [2]
str1                    0x2000'002c    0xc  Data  Gb  main.o [1]
str2                    0x2000'032c   0x10  Data  Gb  main.o [1]
strchr                   0x800'5461         Code  Gb  strchr.o [4]
strlen                   0x800'54b9         Code  Gb  strlen.o [4]
uwTick                  0x2000'003c    0x4  Data  Gb  stm32f4xx_hal.o [1]
uwTickFreq              0x2000'0038    0x1  Data  Gb  stm32f4xx_hal.o [1]
uwTickPrio              0x2000'0040    0x4  Data  Gb  stm32f4xx_hal.o [1]
val                     0x2000'0320    0x2  Data  Gb  main.o [1]


[1] = D:\pknuBSJ\ARM\0625_TEST\EWARM\0625_TEST\Obj
[2] = dl7M_tlf.a
[3] = m7M_tls.a
[4] = rt7M_tl.a
[5] = shb_l.a

  24'029 bytes of readonly  code memory
     263 bytes of readonly  data memory
   1'860 bytes of readwrite data memory

Errors: none
Warnings: none
